// Jest Snapshot v1, https://goo.gl/fbAQLP

exports[`renders MainPage without crash 1`] = `
<h1>
  An error has ocurred
</h1>
`;
